<testsuites name="results">
  <testsuite name="all" package="all">
    <property name="random_seed" value="1777200784" />
    <testcase name="systolic_array_test" classname="test_systolic" file="/workspaces/systolic-array-accelerator/test/test_systolic.py" lineno="28" time="0.027716398239135742" sim_time_ns="480.0" ratio_time="17318.267541784586">
      <failure error_type="AssertionError" error_msg="Matrix multiplication mismatch!&#10;Golden:&#10;[[ 53490  74872  64523  83953]&#10; [ 25036  59640  57978  72050]&#10; [ 48972  77080  99769  87036]&#10; [ 94301 133713 138746 135539]]&#10;HW:&#10;[[28416  1440 15360  8112]&#10; [14208   640  5120     0]&#10; [27232   920     0     0]&#10; [11100     0     0     0]]&#10;Diff:&#10;[[18446744073709526542 18446744073709478184 18446744073709502453&#10;  18446744073709475775]&#10; [18446744073709540788 18446744073709492616 18446744073709498758&#10;  18446744073709479566]&#10; [18446744073709529876 18446744073709475456 18446744073709451847&#10;  18446744073709464580]&#10; [18446744073709468415 18446744073709417903 18446744073709412870&#10;  18446744073709416077]]" />
    </testcase>
  </testsuite>
</testsuites>